// Jest Snapshot v1, https://goo.gl/fbAQLP

exports[`matches snapshot 1`] = `
<DocumentFragment>
  <div
    class="game"
  >
    <h1>
      Lights Out
    </h1>
    <table>
      <tbody>
        <tr
          class="tableRow"
        >
          <td
            alt="select"
            class="Cell off"
            role="button"
          />
          <td
            alt="select"
            class="Cell on"
            role="button"
          />
          <td
            alt="select"
            class="Cell on"
            role="button"
          />
          <td
            alt="select"
            class="Cell off"
            role="button"
          />
          <td
            alt="select"
            class="Cell on"
            role="button"
          />
        </tr>
        <tr
          class="tableRow"
        >
          <td
            alt="select"
            class="Cell off"
            role="button"
          />
          <td
            alt="select"
            class="Cell on"
            role="button"
          />
          <td
            alt="select"
            class="Cell on"
            role="button"
          />
          <td
            alt="select"
            class="Cell on"
            role="button"
          />
          <td
            alt="select"
            class="Cell on"
            role="button"
          />
        </tr>
        <tr
          class="tableRow"
        >
          <td
            alt="select"
            class="Cell off"
            role="button"
          />
          <td
            alt="select"
            class="Cell off"
            role="button"
          />
          <td
            alt="select"
            class="Cell off"
            role="button"
          />
          <td
            alt="select"
            class="Cell on"
            role="button"
          />
          <td
            alt="select"
            class="Cell on"
            role="button"
          />
        </tr>
        <tr
          class="tableRow"
        >
          <td
            alt="select"
            class="Cell off"
            role="button"
          />
          <td
            alt="select"
            class="Cell on"
            role="button"
          />
          <td
            alt="select"
            class="Cell off"
            role="button"
          />
          <td
            alt="select"
            class="Cell off"
            role="button"
          />
          <td
            alt="select"
            class="Cell on"
            role="button"
          />
        </tr>
        <tr
          class="tableRow"
        >
          <td
            alt="select"
            class="Cell on"
            role="button"
          />
          <td
            alt="select"
            class="Cell off"
            role="button"
          />
          <td
            alt="select"
            class="Cell on"
            role="button"
          />
          <td
            alt="select"
            class="Cell off"
            role="button"
          />
          <td
            alt="select"
            class="Cell on"
            role="button"
          />
        </tr>
      </tbody>
    </table>
  </div>
</DocumentFragment>
`;
